sqrt2 ok
sqrt16 ok
sqrt_quarter ok
sqrt_big ok
fabs_neg ok
ldexp_pos ok
ldexp_neg ok
tan_half ok
tan_one ok
tan_neg ok
atan_one ok
atan_half ok
atan_three ok
atan_neg ok
asin_half ok
asin_one ok
asin_pt8 ok
asin_neg ok
acos_half ok
acos_one ok
acos_zero ok
acos_neg ok
atan2_q1 ok
atan2_q2 ok
atan2_q3 ok
atan2_yaxis ok
sin_one ok
cos_one ok
all ok
